---
source: crates/llm-wiki-schema/tests/real_skills.rs
expression: snapshot
---
---
name: init-project
description: Create or update a software project with the LLM Wiki project management framework. Use when Codex is asked to initialize a new project, scaffold a project knowledge base, add the framework to an existing codebase, update a project's framework files, or translate the framework bootstrap flow into runtime-specific usage.
---

# Init Project

## Purpose

Create or update a project so an agent can manage project knowledge through
`raw/`, `wiki/`, and project-specific agent instructions.

## Behavior

1. If no target path is provided, use the current working directory.
2. Persist progress in `<target-path>/init.json`. Create it before asking the
   first question and update it after every answer so interrupted setup can
   resume.
3. Select mode from existing state. If `init.json` exists with
   `status: in_progress`, resume from `current_step`. If it is completed, or
   if `wiki/` or `project_guidelines.md` already exists, use update mode.
   Otherwise use create mode.
4. In create mode, create the target directory if needed, create `init.json`,
   and ask only missing questions: project name, one-sentence description,
   project type (`web`, `api`, `cli`, `ml`, `data`, `lib`, `other`), whether
   this is new or existing code, expected documentation scale (`small`,
   `medium`, `large`), and optional initial raw sources.
5. Compute profile flags: `INCLUDE_ML_AI` for `ml` or `data`, `INCLUDE_QMD`
   for `medium` or `large`, and `IS_EXISTING` when adding to an existing
   codebase.
6. Resolve the framework root from the rendered skill file location, following
   symlinks when needed. Confirm it contains `project_guidelines.template.md`.
7. Generate `project_guidelines.md` by replacing template variables and
   removing inactive conditional sections.
8. Generate project-specific `CLAUDE.md`; generate `AGENTS.md` when Codex
   support is needed.
9. Scaffold `raw/`, `wiki/index.md`, `wiki/log.md`, `wiki/specs/`,
   `wiki/decisions/`, `wiki/proposals/`, `wiki/roadmaps/`, `wiki/plans/`,
   `wiki/checklists/`, `wiki/references/`, and `wiki/archive/`. Include
   `wiki/experiments/` and `wiki/evals/` for ML/AI profiles.
10. For new projects, create basic source-support directories. For existing
    codebases, leave unrelated source layout untouched.
11. Initialize git only if the target is not already in a git repository, and
    add framework cache entries to `.gitignore`.
12. If initial raw sources were provided, copy them into `raw/` and run an
    ingest operation for each source.
13. In update mode, compare current framework files with the latest template,
    summarize proposed changes, ask before applying them, preserve project
    customizations, and append the update to `wiki/log.md`.

## Invocation

Use normal language or an explicit skill invocation:

- `$init-project /path/to/project`
- `$init-project /path/to/project --update`
- `$init-project` to initialize the current directory

Dispatcher aliases:
- `$knowledge init`


## Notes

Report generated or updated files, profile flags, folder structure, and any
initial sources ingested. If QMD was included, provide the setup commands:
`npm install -g @tobilu/qmd`, `qmd collection add wiki/ --name wiki`, and
`qmd embed`.

--- agents/openai.yaml ---
interface:
  display_name: "Init Project"
  short_description: "Bootstrap or update an LLM Wiki project."
  default_prompt: "Initialize or update this project with the LLM Wiki framework."
